Archive member included to satisfy reference by file (symbol)

d:/program_files/atmelstudio/7.0/toolchain/avr8/avr8-gnu-toolchain/bin/../lib/gcc/avr/4.9.2/avrxmega6\libgcc.a(_udivmodsi4.o)
                              hd44780.o (__udivmodsi4)
d:/program_files/atmelstudio/7.0/toolchain/avr8/avr8-gnu-toolchain/bin/../lib/gcc/avr/4.9.2/avrxmega6\libgcc.a(_exit.o)
                              D:/program_files/AtmelStudio/7.0/Packs/atmel/XMEGAA_DFP/1.0.39/gcc/dev/atxmega128a3u/avrxmega6/crtatxmega128a3u.o (exit)
d:/program_files/atmelstudio/7.0/toolchain/avr8/avr8-gnu-toolchain/bin/../lib/gcc/avr/4.9.2/avrxmega6\libgcc.a(_clear_bss.o)
                              gyro.o (__do_clear_bss)
d:/program_files/atmelstudio/7.0/toolchain/avr8/avr8-gnu-toolchain/bin/../lib/gcc/avr/4.9.2/avrxmega6\libgcc.a(_ashldi3.o)
                              gyro.o (__ashldi3)
d:/program_files/atmelstudio/7.0/toolchain/avr8/avr8-gnu-toolchain/bin/../lib/gcc/avr/4.9.2/avrxmega6\libgcc.a(_adddi3.o)
                              gyro.o (__adddi3)
d:/program_files/atmelstudio/7.0/toolchain/avr8/avr8-gnu-toolchain/bin/../lib/gcc/avr/4.9.2/avrxmega6\libgcc.a(_adddi3_s8.o)
                              gyro.o (__adddi3_s8)
d:/program_files/atmelstudio/7.0/toolchain/avr8/avr8-gnu-toolchain/bin/../lib/gcc/avr/4.9.2/avrxmega6\libgcc.a(_cmpdi2_s8.o)
                              gyro.o (__cmpdi2_s8)

Allocating common symbols
Common symbol       size              file

adc_result_LF       0x2               gyro.o
adc_result_RF       0x2               gyro.o
adc_result_LD       0x2               gyro.o
adc_result_RD       0x2               gyro.o

Discarded input sections

 .data          0x00000000        0x0 D:/program_files/AtmelStudio/7.0/Packs/atmel/XMEGAA_DFP/1.0.39/gcc/dev/atxmega128a3u/avrxmega6/crtatxmega128a3u.o
 .bss           0x00000000        0x0 D:/program_files/AtmelStudio/7.0/Packs/atmel/XMEGAA_DFP/1.0.39/gcc/dev/atxmega128a3u/avrxmega6/crtatxmega128a3u.o
 .group         0x00000000        0x8 gyro.o
 .group         0x00000000        0x8 gyro.o
 .group         0x00000000        0x8 gyro.o
 .group         0x00000000        0x8 gyro.o
 .group         0x00000000        0x8 gyro.o
 .group         0x00000000        0x8 gyro.o
 .group         0x00000000        0x8 gyro.o
 .group         0x00000000        0x8 gyro.o
 .group         0x00000000        0x8 gyro.o
 .group         0x00000000        0x8 gyro.o
 .group         0x00000000        0x8 gyro.o
 .group         0x00000000        0x8 gyro.o
 .group         0x00000000        0x8 gyro.o
 .group         0x00000000        0x8 gyro.o
 .group         0x00000000        0x8 gyro.o
 .group         0x00000000        0x8 gyro.o
 .group         0x00000000        0x8 gyro.o
 .group         0x00000000        0x8 gyro.o
 .group         0x00000000        0x8 gyro.o
 .group         0x00000000        0x8 gyro.o
 .group         0x00000000        0x8 gyro.o
 .group         0x00000000        0x8 gyro.o
 .group         0x00000000        0x8 gyro.o
 .group         0x00000000        0x8 gyro.o
 .text          0x00000000        0x0 gyro.o
 .data          0x00000000        0x0 gyro.o
 .bss           0x00000000        0x0 gyro.o
 .group         0x00000000        0x8 hd44780.o
 .group         0x00000000        0x8 hd44780.o
 .group         0x00000000        0x8 hd44780.o
 .group         0x00000000        0x8 hd44780.o
 .group         0x00000000        0x8 hd44780.o
 .group         0x00000000        0x8 hd44780.o
 .group         0x00000000        0x8 hd44780.o
 .group         0x00000000        0x8 hd44780.o
 .group         0x00000000        0x8 hd44780.o
 .group         0x00000000        0x8 hd44780.o
 .group         0x00000000        0x8 hd44780.o
 .group         0x00000000        0x8 hd44780.o
 .group         0x00000000        0x8 hd44780.o
 .group         0x00000000        0x8 hd44780.o
 .group         0x00000000        0x8 hd44780.o
 .group         0x00000000        0x8 hd44780.o
 .group         0x00000000        0x8 hd44780.o
 .group         0x00000000        0x8 hd44780.o
 .group         0x00000000        0x8 hd44780.o
 .text          0x00000000        0x0 hd44780.o
 .data          0x00000000        0x0 hd44780.o
 .bss           0x00000000        0x0 hd44780.o
 .text.LcdWrite
                0x00000000       0x1e hd44780.o
 .debug_macro   0x00000000      0xa7e hd44780.o
 .debug_macro   0x00000000       0x10 hd44780.o
 .debug_macro   0x00000000      0x1c9 hd44780.o
 .debug_macro   0x00000000      0x2fc hd44780.o
 .debug_macro   0x00000000       0x9e hd44780.o
 .debug_macro   0x00000000     0x5e5e hd44780.o
 .debug_macro   0x00000000       0x9a hd44780.o
 .debug_macro   0x00000000       0xf1 hd44780.o
 .debug_macro   0x00000000       0x34 hd44780.o
 .debug_macro   0x00000000       0x10 hd44780.o
 .debug_macro   0x00000000       0x18 hd44780.o
 .debug_macro   0x00000000       0x5e hd44780.o
 .debug_macro   0x00000000       0x10 hd44780.o
 .debug_macro   0x00000000      0x166 hd44780.o
 .debug_macro   0x00000000       0x10 hd44780.o
 .debug_macro   0x00000000       0x89 hd44780.o
 .debug_macro   0x00000000      0x17b hd44780.o
 .group         0x00000000        0x8 libs.o
 .group         0x00000000        0x8 libs.o
 .group         0x00000000        0x8 libs.o
 .group         0x00000000        0x8 libs.o
 .group         0x00000000        0x8 libs.o
 .group         0x00000000        0x8 libs.o
 .group         0x00000000        0x8 libs.o
 .group         0x00000000        0x8 libs.o
 .group         0x00000000        0x8 libs.o
 .group         0x00000000        0x8 libs.o
 .group         0x00000000        0x8 libs.o
 .group         0x00000000        0x8 libs.o
 .group         0x00000000        0x8 libs.o
 .group         0x00000000        0x8 libs.o
 .group         0x00000000        0x8 libs.o
 .group         0x00000000        0x8 libs.o
 .group         0x00000000        0x8 libs.o
 .group         0x00000000        0x8 libs.o
 .group         0x00000000        0x8 libs.o
 .group         0x00000000        0x8 libs.o
 .group         0x00000000        0x8 libs.o
 .group         0x00000000        0x8 libs.o
 .text          0x00000000        0x0 libs.o
 .data          0x00000000        0x0 libs.o
 .bss           0x00000000        0x0 libs.o
 .text.adcPomiar_RD
                0x00000000       0x2c libs.o
 .text.adcPomiar_LD
                0x00000000       0x2c libs.o
 .text.adcPomiar_LF
                0x00000000       0x2c libs.o
 .text.adcPomiar_RF
                0x00000000       0x2c libs.o
 .text.ledYellow
                0x00000000        0x8 libs.o
 .debug_macro   0x00000000      0xa7e libs.o
 .debug_macro   0x00000000       0x10 libs.o
 .debug_macro   0x00000000      0x1c9 libs.o
 .debug_macro   0x00000000      0x2fc libs.o
 .debug_macro   0x00000000       0x9e libs.o
 .debug_macro   0x00000000     0x5e5e libs.o
 .debug_macro   0x00000000       0x9a libs.o
 .debug_macro   0x00000000       0xf1 libs.o
 .debug_macro   0x00000000       0x34 libs.o
 .debug_macro   0x00000000       0x10 libs.o
 .debug_macro   0x00000000       0x18 libs.o
 .debug_macro   0x00000000       0x5e libs.o
 .debug_macro   0x00000000       0x69 libs.o
 .debug_macro   0x00000000       0x10 libs.o
 .debug_macro   0x00000000      0x166 libs.o
 .debug_macro   0x00000000       0x10 libs.o
 .debug_macro   0x00000000       0x89 libs.o
 .debug_macro   0x00000000      0x17b libs.o
 .debug_macro   0x00000000       0xef libs.o
 .debug_macro   0x00000000       0x10 libs.o
 .debug_macro   0x00000000       0xf4 libs.o
 .debug_macro   0x00000000       0x34 libs.o
 .group         0x00000000        0x8 main.o
 .group         0x00000000        0x8 main.o
 .group         0x00000000        0x8 main.o
 .group         0x00000000        0x8 main.o
 .group         0x00000000        0x8 main.o
 .group         0x00000000        0x8 main.o
 .group         0x00000000        0x8 main.o
 .group         0x00000000        0x8 main.o
 .group         0x00000000        0x8 main.o
 .group         0x00000000        0x8 main.o
 .group         0x00000000        0x8 main.o
 .group         0x00000000        0x8 main.o
 .group         0x00000000        0x8 main.o
 .group         0x00000000        0x8 main.o
 .group         0x00000000        0x8 main.o
 .group         0x00000000        0x8 main.o
 .group         0x00000000        0x8 main.o
 .group         0x00000000        0x8 main.o
 .group         0x00000000        0x8 main.o
 .group         0x00000000        0x8 main.o
 .group         0x00000000        0x8 main.o
 .group         0x00000000        0x8 main.o
 .group         0x00000000        0x8 main.o
 .group         0x00000000        0x8 main.o
 .text          0x00000000        0x0 main.o
 .data          0x00000000        0x0 main.o
 .bss           0x00000000        0x0 main.o
 .debug_macro   0x00000000      0xa7e main.o
 .debug_macro   0x00000000       0x10 main.o
 .debug_macro   0x00000000      0x1c9 main.o
 .debug_macro   0x00000000      0x2fc main.o
 .debug_macro   0x00000000       0x9e main.o
 .debug_macro   0x00000000     0x5e5e main.o
 .debug_macro   0x00000000       0x9a main.o
 .debug_macro   0x00000000       0xf1 main.o
 .debug_macro   0x00000000       0x34 main.o
 .debug_macro   0x00000000       0x10 main.o
 .debug_macro   0x00000000       0x18 main.o
 .debug_macro   0x00000000       0x5e main.o
 .debug_macro   0x00000000       0x69 main.o
 .debug_macro   0x00000000       0x10 main.o
 .debug_macro   0x00000000      0x166 main.o
 .debug_macro   0x00000000       0x10 main.o
 .debug_macro   0x00000000       0x89 main.o
 .debug_macro   0x00000000      0x17b main.o
 .debug_macro   0x00000000       0xef main.o
 .debug_macro   0x00000000       0xf4 main.o
 .debug_macro   0x00000000       0x10 main.o
 .debug_macro   0x00000000       0x34 main.o
 .debug_macro   0x00000000       0x40 main.o
 .debug_macro   0x00000000      0x398 main.o
 .group         0x00000000        0x8 src/ASF/common/boards/user_board/init.o
 .group         0x00000000        0x8 src/ASF/common/boards/user_board/init.o
 .group         0x00000000        0x8 src/ASF/common/boards/user_board/init.o
 .group         0x00000000        0x8 src/ASF/common/boards/user_board/init.o
 .group         0x00000000        0x8 src/ASF/common/boards/user_board/init.o
 .group         0x00000000        0x8 src/ASF/common/boards/user_board/init.o
 .group         0x00000000        0x8 src/ASF/common/boards/user_board/init.o
 .group         0x00000000        0x8 src/ASF/common/boards/user_board/init.o
 .group         0x00000000        0x8 src/ASF/common/boards/user_board/init.o
 .group         0x00000000        0x8 src/ASF/common/boards/user_board/init.o
 .group         0x00000000        0x8 src/ASF/common/boards/user_board/init.o
 .group         0x00000000        0x8 src/ASF/common/boards/user_board/init.o
 .group         0x00000000        0x8 src/ASF/common/boards/user_board/init.o
 .group         0x00000000        0x8 src/ASF/common/boards/user_board/init.o
 .group         0x00000000        0x8 src/ASF/common/boards/user_board/init.o
 .group         0x00000000        0x8 src/ASF/common/boards/user_board/init.o
 .group         0x00000000        0x8 src/ASF/common/boards/user_board/init.o
 .group         0x00000000        0x8 src/ASF/common/boards/user_board/init.o
 .group         0x00000000        0x8 src/ASF/common/boards/user_board/init.o
 .group         0x00000000        0x8 src/ASF/common/boards/user_board/init.o
 .group         0x00000000        0x8 src/ASF/common/boards/user_board/init.o
 .group         0x00000000        0x8 src/ASF/common/boards/user_board/init.o
 .group         0x00000000        0x8 src/ASF/common/boards/user_board/init.o
 .group         0x00000000        0x8 src/ASF/common/boards/user_board/init.o
 .group         0x00000000        0x8 src/ASF/common/boards/user_board/init.o
 .group         0x00000000        0x8 src/ASF/common/boards/user_board/init.o
 .group         0x00000000        0x8 src/ASF/common/boards/user_board/init.o
 .group         0x00000000        0x8 src/ASF/common/boards/user_board/init.o
 .group         0x00000000        0x8 src/ASF/common/boards/user_board/init.o
 .group         0x00000000        0x8 src/ASF/common/boards/user_board/init.o
 .group         0x00000000        0x8 src/ASF/common/boards/user_board/init.o
 .group         0x00000000        0x8 src/ASF/common/boards/user_board/init.o
 .text          0x00000000        0x0 src/ASF/common/boards/user_board/init.o
 .data          0x00000000        0x0 src/ASF/common/boards/user_board/init.o
 .bss           0x00000000        0x0 src/ASF/common/boards/user_board/init.o
 .text.board_init
                0x00000000        0x2 src/ASF/common/boards/user_board/init.o
 .debug_info    0x00000000       0x91 src/ASF/common/boards/user_board/init.o
 .debug_abbrev  0x00000000       0x47 src/ASF/common/boards/user_board/init.o
 .debug_aranges
                0x00000000       0x20 src/ASF/common/boards/user_board/init.o
 .debug_ranges  0x00000000       0x10 src/ASF/common/boards/user_board/init.o
 .debug_macro   0x00000000      0x1a4 src/ASF/common/boards/user_board/init.o
 .debug_macro   0x00000000      0xa7e src/ASF/common/boards/user_board/init.o
 .debug_macro   0x00000000       0x10 src/ASF/common/boards/user_board/init.o
 .debug_macro   0x00000000      0x1c9 src/ASF/common/boards/user_board/init.o
 .debug_macro   0x00000000      0x2fc src/ASF/common/boards/user_board/init.o
 .debug_macro   0x00000000       0x9e src/ASF/common/boards/user_board/init.o
 .debug_macro   0x00000000     0x5e5e src/ASF/common/boards/user_board/init.o
 .debug_macro   0x00000000       0x9a src/ASF/common/boards/user_board/init.o
 .debug_macro   0x00000000       0xf1 src/ASF/common/boards/user_board/init.o
 .debug_macro   0x00000000       0x34 src/ASF/common/boards/user_board/init.o
 .debug_macro   0x00000000       0x10 src/ASF/common/boards/user_board/init.o
 .debug_macro   0x00000000       0x18 src/ASF/common/boards/user_board/init.o
 .debug_macro   0x00000000       0x5e src/ASF/common/boards/user_board/init.o
 .debug_macro   0x00000000       0x10 src/ASF/common/boards/user_board/init.o
 .debug_macro   0x00000000       0x22 src/ASF/common/boards/user_board/init.o
 .debug_macro   0x00000000      0x166 src/ASF/common/boards/user_board/init.o
 .debug_macro   0x00000000       0x1c src/ASF/common/boards/user_board/init.o
 .debug_macro   0x00000000       0x35 src/ASF/common/boards/user_board/init.o
 .debug_macro   0x00000000       0x66 src/ASF/common/boards/user_board/init.o
 .debug_macro   0x00000000      0x636 src/ASF/common/boards/user_board/init.o
 .debug_macro   0x00000000       0x97 src/ASF/common/boards/user_board/init.o
 .debug_macro   0x00000000       0x17 src/ASF/common/boards/user_board/init.o
 .debug_macro   0x00000000      0x250 src/ASF/common/boards/user_board/init.o
 .debug_macro   0x00000000       0x76 src/ASF/common/boards/user_board/init.o
 .debug_macro   0x00000000       0x16 src/ASF/common/boards/user_board/init.o
 .debug_macro   0x00000000      0x6e3 src/ASF/common/boards/user_board/init.o
 .debug_macro   0x00000000       0x10 src/ASF/common/boards/user_board/init.o
 .debug_macro   0x00000000      0x175 src/ASF/common/boards/user_board/init.o
 .debug_macro   0x00000000       0x40 src/ASF/common/boards/user_board/init.o
 .debug_macro   0x00000000       0x69 src/ASF/common/boards/user_board/init.o
 .debug_macro   0x00000000       0x32 src/ASF/common/boards/user_board/init.o
 .debug_macro   0x00000000       0xe4 src/ASF/common/boards/user_board/init.o
 .debug_macro   0x00000000      0x288 src/ASF/common/boards/user_board/init.o
 .debug_line    0x00000000      0x41e src/ASF/common/boards/user_board/init.o
 .debug_str     0x00000000    0x27cda src/ASF/common/boards/user_board/init.o
 .comment       0x00000000       0x31 src/ASF/common/boards/user_board/init.o
 .debug_frame   0x00000000       0x24 src/ASF/common/boards/user_board/init.o
 .text          0x00000000        0x0 d:/program_files/atmelstudio/7.0/toolchain/avr8/avr8-gnu-toolchain/bin/../lib/gcc/avr/4.9.2/avrxmega6\libgcc.a(_udivmodsi4.o)
 .data          0x00000000        0x0 d:/program_files/atmelstudio/7.0/toolchain/avr8/avr8-gnu-toolchain/bin/../lib/gcc/avr/4.9.2/avrxmega6\libgcc.a(_udivmodsi4.o)
 .bss           0x00000000        0x0 d:/program_files/atmelstudio/7.0/toolchain/avr8/avr8-gnu-toolchain/bin/../lib/gcc/avr/4.9.2/avrxmega6\libgcc.a(_udivmodsi4.o)
 .text.libgcc.mul
                0x00000000        0x0 d:/program_files/atmelstudio/7.0/toolchain/avr8/avr8-gnu-toolchain/bin/../lib/gcc/avr/4.9.2/avrxmega6\libgcc.a(_udivmodsi4.o)
 .text.libgcc   0x00000000        0x0 d:/program_files/atmelstudio/7.0/toolchain/avr8/avr8-gnu-toolchain/bin/../lib/gcc/avr/4.9.2/avrxmega6\libgcc.a(_udivmodsi4.o)
 .text.libgcc.prologue
                0x00000000        0x0 d:/program_files/atmelstudio/7.0/toolchain/avr8/avr8-gnu-toolchain/bin/../lib/gcc/avr/4.9.2/avrxmega6\libgcc.a(_udivmodsi4.o)
 .text.libgcc.builtins
                0x00000000        0x0 d:/program_files/atmelstudio/7.0/toolchain/avr8/avr8-gnu-toolchain/bin/../lib/gcc/avr/4.9.2/avrxmega6\libgcc.a(_udivmodsi4.o)
 .text.libgcc.fmul
                0x00000000        0x0 d:/program_files/atmelstudio/7.0/toolchain/avr8/avr8-gnu-toolchain/bin/../lib/gcc/avr/4.9.2/avrxmega6\libgcc.a(_udivmodsi4.o)
 .text.libgcc.fixed
                0x00000000        0x0 d:/program_files/atmelstudio/7.0/toolchain/avr8/avr8-gnu-toolchain/bin/../lib/gcc/avr/4.9.2/avrxmega6\libgcc.a(_udivmodsi4.o)
 .text          0x00000000        0x0 d:/program_files/atmelstudio/7.0/toolchain/avr8/avr8-gnu-toolchain/bin/../lib/gcc/avr/4.9.2/avrxmega6\libgcc.a(_exit.o)
 .data          0x00000000        0x0 d:/program_files/atmelstudio/7.0/toolchain/avr8/avr8-gnu-toolchain/bin/../lib/gcc/avr/4.9.2/avrxmega6\libgcc.a(_exit.o)
 .bss           0x00000000        0x0 d:/program_files/atmelstudio/7.0/toolchain/avr8/avr8-gnu-toolchain/bin/../lib/gcc/avr/4.9.2/avrxmega6\libgcc.a(_exit.o)
 .text.libgcc.mul
                0x00000000        0x0 d:/program_files/atmelstudio/7.0/toolchain/avr8/avr8-gnu-toolchain/bin/../lib/gcc/avr/4.9.2/avrxmega6\libgcc.a(_exit.o)
 .text.libgcc.div
                0x00000000        0x0 d:/program_files/atmelstudio/7.0/toolchain/avr8/avr8-gnu-toolchain/bin/../lib/gcc/avr/4.9.2/avrxmega6\libgcc.a(_exit.o)
 .text.libgcc   0x00000000        0x0 d:/program_files/atmelstudio/7.0/toolchain/avr8/avr8-gnu-toolchain/bin/../lib/gcc/avr/4.9.2/avrxmega6\libgcc.a(_exit.o)
 .text.libgcc.prologue
                0x00000000        0x0 d:/program_files/atmelstudio/7.0/toolchain/avr8/avr8-gnu-toolchain/bin/../lib/gcc/avr/4.9.2/avrxmega6\libgcc.a(_exit.o)
 .text.libgcc.builtins
                0x00000000        0x0 d:/program_files/atmelstudio/7.0/toolchain/avr8/avr8-gnu-toolchain/bin/../lib/gcc/avr/4.9.2/avrxmega6\libgcc.a(_exit.o)
 .text.libgcc.fmul
                0x00000000        0x0 d:/program_files/atmelstudio/7.0/toolchain/avr8/avr8-gnu-toolchain/bin/../lib/gcc/avr/4.9.2/avrxmega6\libgcc.a(_exit.o)
 .text.libgcc.fixed
                0x00000000        0x0 d:/program_files/atmelstudio/7.0/toolchain/avr8/avr8-gnu-toolchain/bin/../lib/gcc/avr/4.9.2/avrxmega6\libgcc.a(_exit.o)
 .text          0x00000000        0x0 d:/program_files/atmelstudio/7.0/toolchain/avr8/avr8-gnu-toolchain/bin/../lib/gcc/avr/4.9.2/avrxmega6\libgcc.a(_clear_bss.o)
 .data          0x00000000        0x0 d:/program_files/atmelstudio/7.0/toolchain/avr8/avr8-gnu-toolchain/bin/../lib/gcc/avr/4.9.2/avrxmega6\libgcc.a(_clear_bss.o)
 .bss           0x00000000        0x0 d:/program_files/atmelstudio/7.0/toolchain/avr8/avr8-gnu-toolchain/bin/../lib/gcc/avr/4.9.2/avrxmega6\libgcc.a(_clear_bss.o)
 .text.libgcc.mul
                0x00000000        0x0 d:/program_files/atmelstudio/7.0/toolchain/avr8/avr8-gnu-toolchain/bin/../lib/gcc/avr/4.9.2/avrxmega6\libgcc.a(_clear_bss.o)
 .text.libgcc.div
                0x00000000        0x0 d:/program_files/atmelstudio/7.0/toolchain/avr8/avr8-gnu-toolchain/bin/../lib/gcc/avr/4.9.2/avrxmega6\libgcc.a(_clear_bss.o)
 .text.libgcc   0x00000000        0x0 d:/program_files/atmelstudio/7.0/toolchain/avr8/avr8-gnu-toolchain/bin/../lib/gcc/avr/4.9.2/avrxmega6\libgcc.a(_clear_bss.o)
 .text.libgcc.prologue
                0x00000000        0x0 d:/program_files/atmelstudio/7.0/toolchain/avr8/avr8-gnu-toolchain/bin/../lib/gcc/avr/4.9.2/avrxmega6\libgcc.a(_clear_bss.o)
 .text.libgcc.builtins
                0x00000000        0x0 d:/program_files/atmelstudio/7.0/toolchain/avr8/avr8-gnu-toolchain/bin/../lib/gcc/avr/4.9.2/avrxmega6\libgcc.a(_clear_bss.o)
 .text.libgcc.fmul
                0x00000000        0x0 d:/program_files/atmelstudio/7.0/toolchain/avr8/avr8-gnu-toolchain/bin/../lib/gcc/avr/4.9.2/avrxmega6\libgcc.a(_clear_bss.o)
 .text.libgcc.fixed
                0x00000000        0x0 d:/program_files/atmelstudio/7.0/toolchain/avr8/avr8-gnu-toolchain/bin/../lib/gcc/avr/4.9.2/avrxmega6\libgcc.a(_clear_bss.o)
 .text          0x00000000        0x0 d:/program_files/atmelstudio/7.0/toolchain/avr8/avr8-gnu-toolchain/bin/../lib/gcc/avr/4.9.2/avrxmega6\libgcc.a(_ashldi3.o)
 .data          0x00000000        0x0 d:/program_files/atmelstudio/7.0/toolchain/avr8/avr8-gnu-toolchain/bin/../lib/gcc/avr/4.9.2/avrxmega6\libgcc.a(_ashldi3.o)
 .bss           0x00000000        0x0 d:/program_files/atmelstudio/7.0/toolchain/avr8/avr8-gnu-toolchain/bin/../lib/gcc/avr/4.9.2/avrxmega6\libgcc.a(_ashldi3.o)
 .text.libgcc.mul
                0x00000000        0x0 d:/program_files/atmelstudio/7.0/toolchain/avr8/avr8-gnu-toolchain/bin/../lib/gcc/avr/4.9.2/avrxmega6\libgcc.a(_ashldi3.o)
 .text.libgcc.div
                0x00000000        0x0 d:/program_files/atmelstudio/7.0/toolchain/avr8/avr8-gnu-toolchain/bin/../lib/gcc/avr/4.9.2/avrxmega6\libgcc.a(_ashldi3.o)
 .text.libgcc   0x00000000        0x0 d:/program_files/atmelstudio/7.0/toolchain/avr8/avr8-gnu-toolchain/bin/../lib/gcc/avr/4.9.2/avrxmega6\libgcc.a(_ashldi3.o)
 .text.libgcc.prologue
                0x00000000        0x0 d:/program_files/atmelstudio/7.0/toolchain/avr8/avr8-gnu-toolchain/bin/../lib/gcc/avr/4.9.2/avrxmega6\libgcc.a(_ashldi3.o)
 .text.libgcc.fmul
                0x00000000        0x0 d:/program_files/atmelstudio/7.0/toolchain/avr8/avr8-gnu-toolchain/bin/../lib/gcc/avr/4.9.2/avrxmega6\libgcc.a(_ashldi3.o)
 .text.libgcc.fixed
                0x00000000        0x0 d:/program_files/atmelstudio/7.0/toolchain/avr8/avr8-gnu-toolchain/bin/../lib/gcc/avr/4.9.2/avrxmega6\libgcc.a(_ashldi3.o)
 .text          0x00000000        0x0 d:/program_files/atmelstudio/7.0/toolchain/avr8/avr8-gnu-toolchain/bin/../lib/gcc/avr/4.9.2/avrxmega6\libgcc.a(_adddi3.o)
 .data          0x00000000        0x0 d:/program_files/atmelstudio/7.0/toolchain/avr8/avr8-gnu-toolchain/bin/../lib/gcc/avr/4.9.2/avrxmega6\libgcc.a(_adddi3.o)
 .bss           0x00000000        0x0 d:/program_files/atmelstudio/7.0/toolchain/avr8/avr8-gnu-toolchain/bin/../lib/gcc/avr/4.9.2/avrxmega6\libgcc.a(_adddi3.o)
 .text.libgcc.mul
                0x00000000        0x0 d:/program_files/atmelstudio/7.0/toolchain/avr8/avr8-gnu-toolchain/bin/../lib/gcc/avr/4.9.2/avrxmega6\libgcc.a(_adddi3.o)
 .text.libgcc.div
                0x00000000        0x0 d:/program_files/atmelstudio/7.0/toolchain/avr8/avr8-gnu-toolchain/bin/../lib/gcc/avr/4.9.2/avrxmega6\libgcc.a(_adddi3.o)
 .text.libgcc.prologue
                0x00000000        0x0 d:/program_files/atmelstudio/7.0/toolchain/avr8/avr8-gnu-toolchain/bin/../lib/gcc/avr/4.9.2/avrxmega6\libgcc.a(_adddi3.o)
 .text.libgcc.builtins
                0x00000000        0x0 d:/program_files/atmelstudio/7.0/toolchain/avr8/avr8-gnu-toolchain/bin/../lib/gcc/avr/4.9.2/avrxmega6\libgcc.a(_adddi3.o)
 .text.libgcc.fmul
                0x00000000        0x0 d:/program_files/atmelstudio/7.0/toolchain/avr8/avr8-gnu-toolchain/bin/../lib/gcc/avr/4.9.2/avrxmega6\libgcc.a(_adddi3.o)
 .text.libgcc.fixed
                0x00000000        0x0 d:/program_files/atmelstudio/7.0/toolchain/avr8/avr8-gnu-toolchain/bin/../lib/gcc/avr/4.9.2/avrxmega6\libgcc.a(_adddi3.o)
 .text          0x00000000        0x0 d:/program_files/atmelstudio/7.0/toolchain/avr8/avr8-gnu-toolchain/bin/../lib/gcc/avr/4.9.2/avrxmega6\libgcc.a(_adddi3_s8.o)
 .data          0x00000000        0x0 d:/program_files/atmelstudio/7.0/toolchain/avr8/avr8-gnu-toolchain/bin/../lib/gcc/avr/4.9.2/avrxmega6\libgcc.a(_adddi3_s8.o)
 .bss           0x00000000        0x0 d:/program_files/atmelstudio/7.0/toolchain/avr8/avr8-gnu-toolchain/bin/../lib/gcc/avr/4.9.2/avrxmega6\libgcc.a(_adddi3_s8.o)
 .text.libgcc.mul
                0x00000000        0x0 d:/program_files/atmelstudio/7.0/toolchain/avr8/avr8-gnu-toolchain/bin/../lib/gcc/avr/4.9.2/avrxmega6\libgcc.a(_adddi3_s8.o)
 .text.libgcc.div
                0x00000000        0x0 d:/program_files/atmelstudio/7.0/toolchain/avr8/avr8-gnu-toolchain/bin/../lib/gcc/avr/4.9.2/avrxmega6\libgcc.a(_adddi3_s8.o)
 .text.libgcc.prologue
                0x00000000        0x0 d:/program_files/atmelstudio/7.0/toolchain/avr8/avr8-gnu-toolchain/bin/../lib/gcc/avr/4.9.2/avrxmega6\libgcc.a(_adddi3_s8.o)
 .text.libgcc.builtins
                0x00000000        0x0 d:/program_files/atmelstudio/7.0/toolchain/avr8/avr8-gnu-toolchain/bin/../lib/gcc/avr/4.9.2/avrxmega6\libgcc.a(_adddi3_s8.o)
 .text.libgcc.fmul
                0x00000000        0x0 d:/program_files/atmelstudio/7.0/toolchain/avr8/avr8-gnu-toolchain/bin/../lib/gcc/avr/4.9.2/avrxmega6\libgcc.a(_adddi3_s8.o)
 .text.libgcc.fixed
                0x00000000        0x0 d:/program_files/atmelstudio/7.0/toolchain/avr8/avr8-gnu-toolchain/bin/../lib/gcc/avr/4.9.2/avrxmega6\libgcc.a(_adddi3_s8.o)
 .text          0x00000000        0x0 d:/program_files/atmelstudio/7.0/toolchain/avr8/avr8-gnu-toolchain/bin/../lib/gcc/avr/4.9.2/avrxmega6\libgcc.a(_cmpdi2_s8.o)
 .data          0x00000000        0x0 d:/program_files/atmelstudio/7.0/toolchain/avr8/avr8-gnu-toolchain/bin/../lib/gcc/avr/4.9.2/avrxmega6\libgcc.a(_cmpdi2_s8.o)
 .bss           0x00000000        0x0 d:/program_files/atmelstudio/7.0/toolchain/avr8/avr8-gnu-toolchain/bin/../lib/gcc/avr/4.9.2/avrxmega6\libgcc.a(_cmpdi2_s8.o)
 .text.libgcc.mul
                0x00000000        0x0 d:/program_files/atmelstudio/7.0/toolchain/avr8/avr8-gnu-toolchain/bin/../lib/gcc/avr/4.9.2/avrxmega6\libgcc.a(_cmpdi2_s8.o)
 .text.libgcc.div
                0x00000000        0x0 d:/program_files/atmelstudio/7.0/toolchain/avr8/avr8-gnu-toolchain/bin/../lib/gcc/avr/4.9.2/avrxmega6\libgcc.a(_cmpdi2_s8.o)
 .text.libgcc.prologue
                0x00000000        0x0 d:/program_files/atmelstudio/7.0/toolchain/avr8/avr8-gnu-toolchain/bin/../lib/gcc/avr/4.9.2/avrxmega6\libgcc.a(_cmpdi2_s8.o)
 .text.libgcc.builtins
                0x00000000        0x0 d:/program_files/atmelstudio/7.0/toolchain/avr8/avr8-gnu-toolchain/bin/../lib/gcc/avr/4.9.2/avrxmega6\libgcc.a(_cmpdi2_s8.o)
 .text.libgcc.fmul
                0x00000000        0x0 d:/program_files/atmelstudio/7.0/toolchain/avr8/avr8-gnu-toolchain/bin/../lib/gcc/avr/4.9.2/avrxmega6\libgcc.a(_cmpdi2_s8.o)
 .text.libgcc.fixed
                0x00000000        0x0 d:/program_files/atmelstudio/7.0/toolchain/avr8/avr8-gnu-toolchain/bin/../lib/gcc/avr/4.9.2/avrxmega6\libgcc.a(_cmpdi2_s8.o)

Memory Configuration

Name             Origin             Length             Attributes
text             0x00000000         0x00100000         xr
data             0x00802000         0x0000ffa0         rw !x
eeprom           0x00810000         0x00010000         rw !x
fuse             0x00820000         0x00000400         rw !x
lock             0x00830000         0x00000400         rw !x
signature        0x00840000         0x00000400         rw !x
user_signatures  0x00850000         0x00000400         rw !x
*default*        0x00000000         0xffffffff

Linker script and memory map

LOAD D:/program_files/AtmelStudio/7.0/Packs/atmel/XMEGAA_DFP/1.0.39/gcc/dev/atxmega128a3u/avrxmega6/crtatxmega128a3u.o
LOAD gyro.o
LOAD hd44780.o
LOAD libs.o
LOAD main.o
LOAD src/ASF/common/boards/user_board/init.o
START GROUP
LOAD d:/program_files/atmelstudio/7.0/toolchain/avr8/avr8-gnu-toolchain/bin/../lib/gcc/avr/4.9.2/../../../../avr/lib/avrxmega6\libm.a
END GROUP
START GROUP
LOAD d:/program_files/atmelstudio/7.0/toolchain/avr8/avr8-gnu-toolchain/bin/../lib/gcc/avr/4.9.2/avrxmega6\libgcc.a
LOAD d:/program_files/atmelstudio/7.0/toolchain/avr8/avr8-gnu-toolchain/bin/../lib/gcc/avr/4.9.2/../../../../avr/lib/avrxmega6\libm.a
LOAD d:/program_files/atmelstudio/7.0/toolchain/avr8/avr8-gnu-toolchain/bin/../lib/gcc/avr/4.9.2/../../../../avr/lib/avrxmega6\libc.a
LOAD D:/program_files/AtmelStudio/7.0/Packs/atmel/XMEGAA_DFP/1.0.39/gcc/dev/atxmega128a3u/avrxmega6\libatxmega128a3u.a
END GROUP
                0x00100000                __TEXT_REGION_LENGTH__ = DEFINED (__TEXT_REGION_LENGTH__)?__TEXT_REGION_LENGTH__:0x100000
                0x0000ffa0                __DATA_REGION_LENGTH__ = DEFINED (__DATA_REGION_LENGTH__)?__DATA_REGION_LENGTH__:0xffa0
                0x00010000                __EEPROM_REGION_LENGTH__ = DEFINED (__EEPROM_REGION_LENGTH__)?__EEPROM_REGION_LENGTH__:0x10000
                0x00000400                __FUSE_REGION_LENGTH__ = DEFINED (__FUSE_REGION_LENGTH__)?__FUSE_REGION_LENGTH__:0x400
                0x00000400                __LOCK_REGION_LENGTH__ = DEFINED (__LOCK_REGION_LENGTH__)?__LOCK_REGION_LENGTH__:0x400
                0x00000400                __SIGNATURE_REGION_LENGTH__ = DEFINED (__SIGNATURE_REGION_LENGTH__)?__SIGNATURE_REGION_LENGTH__:0x400
                0x00000400                __USER_SIGNATURE_REGION_LENGTH__ = DEFINED (__USER_SIGNATURE_REGION_LENGTH__)?__USER_SIGNATURE_REGION_LENGTH__:0x400

.hash
 *(.hash)

.dynsym
 *(.dynsym)

.dynstr
 *(.dynstr)

.gnu.version
 *(.gnu.version)

.gnu.version_d
 *(.gnu.version_d)

.gnu.version_r
 *(.gnu.version_r)

.rel.init
 *(.rel.init)

.rela.init
 *(.rela.init)

.rel.text
 *(.rel.text)
 *(.rel.text.*)
 *(.rel.gnu.linkonce.t*)

.rela.text
 *(.rela.text)
 *(.rela.text.*)
 *(.rela.gnu.linkonce.t*)

.rel.fini
 *(.rel.fini)

.rela.fini
 *(.rela.fini)

.rel.rodata
 *(.rel.rodata)
 *(.rel.rodata.*)
 *(.rel.gnu.linkonce.r*)

.rela.rodata
 *(.rela.rodata)
 *(.rela.rodata.*)
 *(.rela.gnu.linkonce.r*)

.rel.data
 *(.rel.data)
 *(.rel.data.*)
 *(.rel.gnu.linkonce.d*)

.rela.data
 *(.rela.data)
 *(.rela.data.*)
 *(.rela.gnu.linkonce.d*)

.rel.ctors
 *(.rel.ctors)

.rela.ctors
 *(.rela.ctors)

.rel.dtors
 *(.rel.dtors)

.rela.dtors
 *(.rela.dtors)

.rel.got
 *(.rel.got)

.rela.got
 *(.rela.got)

.rel.bss
 *(.rel.bss)

.rela.bss
 *(.rela.bss)

.rel.plt
 *(.rel.plt)

.rela.plt
 *(.rela.plt)

.text           0x00000000      0xc90
 *(.vectors)
 .vectors       0x00000000      0x1fc D:/program_files/AtmelStudio/7.0/Packs/atmel/XMEGAA_DFP/1.0.39/gcc/dev/atxmega128a3u/avrxmega6/crtatxmega128a3u.o
                0x00000000                __vector_default
                0x00000000                __vectors
 *(.vectors)
 *(.progmem.gcc*)
                0x000001fc                . = ALIGN (0x2)
                0x000001fc                __trampolines_start = .
 *(.trampolines)
 .trampolines   0x000001fc        0x0 linker stubs
 *(.trampolines*)
                0x000001fc                __trampolines_end = .
 *libprintf_flt.a:*(.progmem.data)
 *libc.a:*(.progmem.data)
 *(.progmem*)
 .progmem.data.__c.4141
                0x000001fc        0xd gyro.o
 .progmem.data.__c.4139
                0x00000209        0xd gyro.o
 .progmem.data.__c.4166
                0x00000216        0x3 main.o
 .progmem.data.__c.4164
                0x00000219        0x3 main.o
                0x0000021c                . = ALIGN (0x2)
 *(.jumptables)
 *(.jumptables*)
 *(.lowtext)
 *(.lowtext*)
                0x0000021c                __ctors_start = .
 *(.ctors)
                0x0000021c                __ctors_end = .
                0x0000021c                __dtors_start = .
 *(.dtors)
                0x0000021c                __dtors_end = .
 SORT(*)(.ctors)
 SORT(*)(.dtors)
 *(.init0)
 .init0         0x0000021c        0x0 D:/program_files/AtmelStudio/7.0/Packs/atmel/XMEGAA_DFP/1.0.39/gcc/dev/atxmega128a3u/avrxmega6/crtatxmega128a3u.o
                0x0000021c                __init
 *(.init0)
 *(.init1)
 *(.init1)
 *(.init2)
 .init2         0x0000021c       0x10 D:/program_files/AtmelStudio/7.0/Packs/atmel/XMEGAA_DFP/1.0.39/gcc/dev/atxmega128a3u/avrxmega6/crtatxmega128a3u.o
 *(.init2)
 *(.init3)
 *(.init3)
 *(.init4)
 .init4         0x0000022c       0x10 d:/program_files/atmelstudio/7.0/toolchain/avr8/avr8-gnu-toolchain/bin/../lib/gcc/avr/4.9.2/avrxmega6\libgcc.a(_clear_bss.o)
                0x0000022c                __do_clear_bss
 *(.init4)
 *(.init5)
 *(.init5)
 *(.init6)
 *(.init6)
 *(.init7)
 *(.init7)
 *(.init8)
 *(.init8)
 *(.init9)
 .init9         0x0000023c        0x4 D:/program_files/AtmelStudio/7.0/Packs/atmel/XMEGAA_DFP/1.0.39/gcc/dev/atxmega128a3u/avrxmega6/crtatxmega128a3u.o
 *(.init9)
 *(.text)
 .text          0x00000240        0x2 D:/program_files/AtmelStudio/7.0/Packs/atmel/XMEGAA_DFP/1.0.39/gcc/dev/atxmega128a3u/avrxmega6/crtatxmega128a3u.o
                0x00000240                __vector_38
                0x00000240                __vector_22
                0x00000240                __vector_63
                0x00000240                __vector_28
                0x00000240                __vector_67
                0x00000240                __vector_1
                0x00000240                __vector_119
                0x00000240                __vector_32
                0x00000240                __vector_75
                0x00000240                __vector_71
                0x00000240                __vector_91
                0x00000240                __vector_34
                0x00000240                __vector_62
                0x00000240                __vector_77
                0x00000240                __vector_102
                0x00000240                __vector_24
                0x00000240                __vector_12
                0x00000240                __vector_55
                0x00000240                __vector_69
                0x00000240                __vector_81
                0x00000240                __vector_90
                0x00000240                __vector_46
                0x00000240                __bad_interrupt
                0x00000240                __vector_122
                0x00000240                __vector_72
                0x00000240                __vector_114
                0x00000240                __vector_6
                0x00000240                __vector_110
                0x00000240                __vector_31
                0x00000240                __vector_92
                0x00000240                __vector_35
                0x00000240                __vector_78
                0x00000240                __vector_74
                0x00000240                __vector_117
                0x00000240                __vector_107
                0x00000240                __vector_3
                0x00000240                __vector_98
                0x00000240                __vector_23
                0x00000240                __vector_68
                0x00000240                __vector_30
                0x00000240                __vector_73
                0x00000240                __vector_45
                0x00000240                __vector_25
                0x00000240                __vector_93
                0x00000240                __vector_61
                0x00000240                __vector_11
                0x00000240                __vector_54
                0x00000240                __vector_99
                0x00000240                __vector_13
                0x00000240                __vector_17
                0x00000240                __vector_19
                0x00000240                __vector_56
                0x00000240                __vector_7
                0x00000240                __vector_125
                0x00000240                __vector_49
                0x00000240                __vector_123
                0x00000240                __vector_86
                0x00000240                __vector_100
                0x00000240                __vector_101
                0x00000240                __vector_64
                0x00000240                __vector_88
                0x00000240                __vector_109
                0x00000240                __vector_43
                0x00000240                __vector_27
                0x00000240                __vector_5
                0x00000240                __vector_113
                0x00000240                __vector_33
                0x00000240                __vector_76
                0x00000240                __vector_115
                0x00000240                __vector_47
                0x00000240                __vector_52
                0x00000240                __vector_37
                0x00000240                __vector_95
                0x00000240                __vector_103
                0x00000240                __vector_96
                0x00000240                __vector_89
                0x00000240                __vector_108
                0x00000240                __vector_4
                0x00000240                __vector_44
                0x00000240                __vector_82
                0x00000240                __vector_106
                0x00000240                __vector_118
                0x00000240                __vector_51
                0x00000240                __vector_9
                0x00000240                __vector_2
                0x00000240                __vector_21
                0x00000240                __vector_15
                0x00000240                __vector_66
                0x00000240                __vector_36
                0x00000240                __vector_79
                0x00000240                __vector_58
                0x00000240                __vector_70
                0x00000240                __vector_83
                0x00000240                __vector_29
                0x00000240                __vector_60
                0x00000240                __vector_121
                0x00000240                __vector_85
                0x00000240                __vector_94
                0x00000240                __vector_126
                0x00000240                __vector_8
                0x00000240                __vector_26
                0x00000240                __vector_48
                0x00000240                __vector_124
                0x00000240                __vector_116
                0x00000240                __vector_112
                0x00000240                __vector_111
                0x00000240                __vector_80
                0x00000240                __vector_14
                0x00000240                __vector_84
                0x00000240                __vector_57
                0x00000240                __vector_53
                0x00000240                __vector_10
                0x00000240                __vector_50
                0x00000240                __vector_16
                0x00000240                __vector_59
                0x00000240                __vector_18
                0x00000240                __vector_97
                0x00000240                __vector_20
                0x00000240                __vector_87
                0x00000240                __vector_65
                0x00000240                __vector_120
                0x00000242                . = ALIGN (0x2)
 *(.text.*)
 .text.TWI_MasterInit
                0x00000242       0x1e gyro.o
                0x00000242                TWI_MasterInit
 .text.writeByte
                0x00000260       0x36 gyro.o
                0x00000260                writeByte
 .text.enableDefault
                0x00000296       0x4a gyro.o
                0x00000296                enableDefault
 .text.readByte
                0x000002e0       0x3a gyro.o
                0x000002e0                readByte
 .text.readByteMulti
                0x0000031a      0x2fa gyro.o
                0x0000031a                readByteMulti
 .text._lcd_OutNibble
                0x00000614       0x4a hd44780.o
                0x00000614                _lcd_OutNibble
 .text._lcd_Write
                0x0000065e       0x36 hd44780.o
                0x0000065e                _lcd_Write
 .text.LcdCommand
                0x00000694        0xa hd44780.o
                0x00000694                LcdCommand
 .text.LcdData  0x0000069e        0xa hd44780.o
                0x0000069e                LcdData
 .text.LcdWriteProgmem
                0x000006a8       0x22 hd44780.o
                0x000006a8                LcdWriteProgmem
 .text.LcdGoto  0x000006ca        0xe hd44780.o
                0x000006ca                LcdGoto
 .text.LcdClear
                0x000006d8       0x12 hd44780.o
                0x000006d8                LcdClear
 .text.LcdInit  0x000006ea       0x8e hd44780.o
                0x000006ea                LcdInit
 .text.LcdDec   0x00000778       0xa4 hd44780.o
                0x00000778                LcdDec
 .text.ReadCalibrationByte
                0x0000081c       0x12 libs.o
                0x0000081c                ReadCalibrationByte
 .text.setADC   0x0000082e       0x8a libs.o
                0x0000082e                setADC
 .text.setMotorL
                0x000008b8       0x2a libs.o
                0x000008b8                setMotorL
 .text.setMotorR
                0x000008e2       0x1a libs.o
                0x000008e2                setMotorR
 .text.runL     0x000008fc       0x52 libs.o
                0x000008fc                runL
 .text.runR     0x0000094e       0x52 libs.o
                0x0000094e                runR
 .text.setall   0x000009a0       0x74 libs.o
                0x000009a0                setall
 .text.ledRed   0x00000a14        0x8 libs.o
                0x00000a14                ledRed
 .text.ledGreen
                0x00000a1c        0x8 libs.o
                0x00000a1c                ledGreen
 .text.__vector_39
                0x00000a24       0x2c main.o
                0x00000a24                __vector_39
 .text.__vector_40
                0x00000a50       0x2c main.o
                0x00000a50                __vector_40
 .text.__vector_41
                0x00000a7c       0x2c main.o
                0x00000a7c                __vector_41
 .text.__vector_42
                0x00000aa8       0x2c main.o
                0x00000aa8                __vector_42
 .text.__vector_104
                0x00000ad4       0x4e main.o
                0x00000ad4                __vector_104
 .text.__vector_105
                0x00000b22       0x4e main.o
                0x00000b22                __vector_105
 .text.main     0x00000b70       0x64 main.o
                0x00000b70                main
 .text.libgcc.div
                0x00000bd4       0x44 d:/program_files/atmelstudio/7.0/toolchain/avr8/avr8-gnu-toolchain/bin/../lib/gcc/avr/4.9.2/avrxmega6\libgcc.a(_udivmodsi4.o)
                0x00000bd4                __udivmodsi4
 .text.libgcc.builtins
                0x00000c18       0x32 d:/program_files/atmelstudio/7.0/toolchain/avr8/avr8-gnu-toolchain/bin/../lib/gcc/avr/4.9.2/avrxmega6\libgcc.a(_ashldi3.o)
                0x00000c18                __ashldi3
 .text.libgcc   0x00000c4a       0x12 d:/program_files/atmelstudio/7.0/toolchain/avr8/avr8-gnu-toolchain/bin/../lib/gcc/avr/4.9.2/avrxmega6\libgcc.a(_adddi3.o)
                0x00000c4a                __adddi3
 .text.libgcc   0x00000c5c       0x18 d:/program_files/atmelstudio/7.0/toolchain/avr8/avr8-gnu-toolchain/bin/../lib/gcc/avr/4.9.2/avrxmega6\libgcc.a(_adddi3_s8.o)
                0x00000c5c                __adddi3_s8
 .text.libgcc   0x00000c74       0x18 d:/program_files/atmelstudio/7.0/toolchain/avr8/avr8-gnu-toolchain/bin/../lib/gcc/avr/4.9.2/avrxmega6\libgcc.a(_cmpdi2_s8.o)
                0x00000c74                __cmpdi2_s8
                0x00000c8c                . = ALIGN (0x2)
 *(.fini9)
 .fini9         0x00000c8c        0x0 d:/program_files/atmelstudio/7.0/toolchain/avr8/avr8-gnu-toolchain/bin/../lib/gcc/avr/4.9.2/avrxmega6\libgcc.a(_exit.o)
                0x00000c8c                _exit
                0x00000c8c                exit
 *(.fini9)
 *(.fini8)
 *(.fini8)
 *(.fini7)
 *(.fini7)
 *(.fini6)
 *(.fini6)
 *(.fini5)
 *(.fini5)
 *(.fini4)
 *(.fini4)
 *(.fini3)
 *(.fini3)
 *(.fini2)
 *(.fini2)
 *(.fini1)
 *(.fini1)
 *(.fini0)
 .fini0         0x00000c8c        0x4 d:/program_files/atmelstudio/7.0/toolchain/avr8/avr8-gnu-toolchain/bin/../lib/gcc/avr/4.9.2/avrxmega6\libgcc.a(_exit.o)
 *(.fini0)
                0x00000c90                _etext = .

.data           0x00802000        0x0 load address 0x00000c90
                [!provide]                PROVIDE (__data_start, .)
 *(.data)
 *(.data*)
 *(.rodata)
 *(.rodata*)
 *(.gnu.linkonce.d*)
                0x00802000                . = ALIGN (0x2)
                0x00802000                _edata = .
                [!provide]                PROVIDE (__data_end, .)

.bss            0x00802000        0x8
                0x00802000                PROVIDE (__bss_start, .)
 *(.bss)
 *(.bss*)
 *(COMMON)
 COMMON         0x00802000        0x8 gyro.o
                0x00802000                adc_result_LF
                0x00802002                adc_result_RF
                0x00802004                adc_result_LD
                0x00802006                adc_result_RD
                0x00802008                PROVIDE (__bss_end, .)
                0x00000c90                __data_load_start = LOADADDR (.data)
                0x00000c90                __data_load_end = (__data_load_start + SIZEOF (.data))

.noinit         0x00802008        0x0
                [!provide]                PROVIDE (__noinit_start, .)
 *(.noinit*)
                [!provide]                PROVIDE (__noinit_end, .)
                0x00802008                _end = .
                [!provide]                PROVIDE (__heap_start, .)

.eeprom         0x00810000        0x0
 *(.eeprom*)
                0x00810000                __eeprom_end = .

.fuse
 *(.fuse)
 *(.lfuse)
 *(.hfuse)
 *(.efuse)

.lock
 *(.lock*)

.signature
 *(.signature*)

.user_signatures
 *(.user_signatures*)

.stab
 *(.stab)

.stabstr
 *(.stabstr)

.stab.excl
 *(.stab.excl)

.stab.exclstr
 *(.stab.exclstr)

.stab.index
 *(.stab.index)

.stab.indexstr
 *(.stab.indexstr)

.comment        0x00000000       0x30
 *(.comment)
 .comment       0x00000000       0x30 gyro.o
                                 0x31 (size before relaxing)
 .comment       0x00000030       0x31 hd44780.o
 .comment       0x00000030       0x31 libs.o
 .comment       0x00000030       0x31 main.o

.note.gnu.avr.deviceinfo
                0x00000000       0x40
 .note.gnu.avr.deviceinfo
                0x00000000       0x40 D:/program_files/AtmelStudio/7.0/Packs/atmel/XMEGAA_DFP/1.0.39/gcc/dev/atxmega128a3u/avrxmega6/crtatxmega128a3u.o

.note.gnu.build-id
 *(.note.gnu.build-id)

.debug
 *(.debug)

.line
 *(.line)

.debug_srcinfo
 *(.debug_srcinfo)

.debug_sfnames
 *(.debug_sfnames)

.debug_aranges  0x00000000      0x180
 *(.debug_aranges)
 .debug_aranges
                0x00000000       0x40 gyro.o
 .debug_aranges
                0x00000040       0x68 hd44780.o
 .debug_aranges
                0x000000a8       0x88 libs.o
 .debug_aranges
                0x00000130       0x50 main.o

.debug_pubnames
 *(.debug_pubnames)

.debug_info     0x00000000     0x3107
 *(.debug_info .gnu.linkonce.wi.*)
 .debug_info    0x00000000      0x7b7 gyro.o
 .debug_info    0x000007b7      0x762 hd44780.o
 .debug_info    0x00000f19     0x1998 libs.o
 .debug_info    0x000028b1      0x856 main.o

.debug_abbrev   0x00000000      0x908
 *(.debug_abbrev)
 .debug_abbrev  0x00000000      0x23a gyro.o
 .debug_abbrev  0x0000023a      0x1f7 hd44780.o
 .debug_abbrev  0x00000431      0x280 libs.o
 .debug_abbrev  0x000006b1      0x257 main.o

.debug_line     0x00000000     0x1475
 *(.debug_line .debug_line.* .debug_line_end)
 .debug_line    0x00000000      0x4ab gyro.o
 .debug_line    0x000004ab      0x518 hd44780.o
 .debug_line    0x000009c3      0x6ae libs.o
 .debug_line    0x00001071      0x404 main.o

.debug_frame    0x00000000      0x47c
 *(.debug_frame)
 .debug_frame   0x00000000       0xc4 gyro.o
 .debug_frame   0x000000c4      0x130 hd44780.o
 .debug_frame   0x000001f4      0x114 libs.o
 .debug_frame   0x00000308      0x174 main.o

.debug_str      0x00000000    0x1e96d
 *(.debug_str)
 .debug_str     0x00000000    0x1cbb0 gyro.o
                              0x1d11a (size before relaxing)
 .debug_str     0x0001cbb0      0x110 hd44780.o
                              0x1ba02 (size before relaxing)
 .debug_str     0x0001ccc0     0x1c4d libs.o
                              0x1dc68 (size before relaxing)
 .debug_str     0x0001e90d       0x60 main.o
                              0x1cfac (size before relaxing)

.debug_loc      0x00000000     0x1048
 *(.debug_loc)
 .debug_loc     0x00000000      0x804 gyro.o
 .debug_loc     0x00000804      0x423 hd44780.o
 .debug_loc     0x00000c27      0x120 libs.o
 .debug_loc     0x00000d47      0x301 main.o

.debug_macinfo
 *(.debug_macinfo)

.debug_weaknames
 *(.debug_weaknames)

.debug_funcnames
 *(.debug_funcnames)

.debug_typenames
 *(.debug_typenames)

.debug_varnames
 *(.debug_varnames)

.debug_pubtypes
 *(.debug_pubtypes)

.debug_ranges   0x00000000      0x158
 *(.debug_ranges)
 .debug_ranges  0x00000000       0x30 gyro.o
 .debug_ranges  0x00000030       0x70 hd44780.o
 .debug_ranges  0x000000a0       0x78 libs.o
 .debug_ranges  0x00000118       0x40 main.o

.debug_macro    0x00000000     0x7f55
 *(.debug_macro)
 .debug_macro   0x00000000      0x105 gyro.o
 .debug_macro   0x00000105      0xa7e gyro.o
 .debug_macro   0x00000b83       0x10 gyro.o
 .debug_macro   0x00000b93      0x1c9 gyro.o
 .debug_macro   0x00000d5c      0x2fc gyro.o
 .debug_macro   0x00001058       0x9e gyro.o
 .debug_macro   0x000010f6     0x5e5e gyro.o
 .debug_macro   0x00006f54       0x9a gyro.o
 .debug_macro   0x00006fee       0xf1 gyro.o
 .debug_macro   0x000070df       0x34 gyro.o
 .debug_macro   0x00007113       0x10 gyro.o
 .debug_macro   0x00007123       0x18 gyro.o
 .debug_macro   0x0000713b       0x5e gyro.o
 .debug_macro   0x00007199       0x69 gyro.o
 .debug_macro   0x00007202       0x10 gyro.o
 .debug_macro   0x00007212      0x166 gyro.o
 .debug_macro   0x00007378       0x10 gyro.o
 .debug_macro   0x00007388       0x89 gyro.o
 .debug_macro   0x00007411      0x17b gyro.o
 .debug_macro   0x0000758c       0x40 gyro.o
 .debug_macro   0x000075cc      0x398 gyro.o
 .debug_macro   0x00007964       0xf4 gyro.o
 .debug_macro   0x00007a58       0x10 gyro.o
 .debug_macro   0x00007a68       0xef gyro.o
 .debug_macro   0x00007b57       0x34 gyro.o
 .debug_macro   0x00007b8b       0xd2 hd44780.o
 .debug_macro   0x00007c5d       0x10 hd44780.o
 .debug_macro   0x00007c6d       0xe8 hd44780.o
 .debug_macro   0x00007d55       0xf7 libs.o
 .debug_macro   0x00007e4c      0x109 main.o
OUTPUT(micromouse.elf elf32-avr)
LOAD linker stubs
